// Jest Snapshot v1, https://goo.gl/fbAQLP

exports[`Product Component renders correctly 1`] = `
<div>
  <Media
    className="product-card"
  >
    <Media
      href="#"
      left={true}
    >
      <Media
        alt="Product image cap"
        object={true}
        src="my_test_image.png"
      />
    </Media>
    <CardBody
      tag="div"
    >
      <CardTitle
        style={
          Object {
            "fontWeight": 600,
          }
        }
        tag="div"
      >
        VENIAM Swimming Shorts
      </CardTitle>
      <CardTitle
        tag="div"
      >
        Price: $
        706.2
      </CardTitle>
      <CardSubtitle
        tag="div"
      >
        Color: 
        deserunt
      </CardSubtitle>
      <CardSubtitle
        tag="div"
      >
        Size: 
        L
      </CardSubtitle>
      <CardText
        tag="p"
      >
        Details: 
        Excepteur non Lorem aliqua esse irure veniam elit labore culpa velit nostrud ad nostrud.
      </CardText>
      <InputGroup
        style={
          Object {
            "marginBottom": "4px",
          }
        }
        tag="div"
      >
        <InputGroupAddon
          addonType="prepend"
          tag="div"
        >
          Quantity
        </InputGroupAddon>
        <Input
          onChange={[Function]}
          type="number"
        />
      </InputGroup>
      <Button
        block={true}
        color="primary"
        onClick={[Function]}
        size="lg"
        tag="button"
      >
        Buy
      </Button>
    </CardBody>
  </Media>
</div>
`;
